level;u_id;segment_id
Who;u-1;u-1
Who;u-2;u-1
Who;u-3;u-3
Who;u-4;u-4
Who;u-5;u-4
Who;u-6;u-1
Speech;u-1;u-1
Speech;u-2;u-1
Speech;u-3;u-3
Speech;u-4;u-4
Speech;u-5;u-5
Speech;u-6;u-6
